// Jest Snapshot v1, https://goo.gl/fbAQLP

exports[`NavBar matches snapshot 1`] = `
<DocumentFragment>
  <div
    class="ui inverted top fixed menu"
  >
    <div
      class="ui container"
    >
      <a
        aria-current="page"
        class="header item active"
        href="/"
      >
        <img
          alt="logo"
          src="/assets/logo.png"
          style="margin-right: 10px;"
        />
        Reactivities
      </a>
      <a
        class="item"
        href="/activities"
        role="menuitem"
      >
        Activities
      </a>
      <a
        class="item"
        href="/errors"
        role="menuitem"
      >
        Errors
      </a>
      <div
        class="item"
      >
        <a
          class="ui positive button"
          href="/createActivity"
          role="button"
        >
          Create Activity
        </a>
      </div>
    </div>
  </div>
</DocumentFragment>
`;
