// Jest Snapshot v1, https://goo.gl/fbAQLP

exports[`HomePage matches snapshot 1`] = `
<DocumentFragment>
  <div
    class="ui inverted vertical center aligned segment masthead"
  >
    <div>
      <h1
        class="ui inverted header"
      >
        <img
          alt="logo"
          class="ui massive image"
          src="/assets/logo.png"
          style="margin-bottom: 12px;"
        />
        Reactivities
      </h1>
      <h2
        class="ui inverted header"
      >
        Welcome to Reactivities
      </h2>
      <a
        class="ui huge inverted button"
        href="/activities"
        role="button"
      >
        Take me to the Activities!
      </a>
    </div>
  </div>
</DocumentFragment>
`;
