// Jest Snapshot v1, https://goo.gl/fbAQLP

exports[`ActivityDashboard matches snapshot 1`] = `
<DocumentFragment>
  <div
    class="ui grid"
  >
    <div
      class="ten wide column"
    >
      <div
        class="ui list"
        role="list"
      >
        <div>
          Mocked ActivityList
        </div>
      </div>
    </div>
    <div
      class="six wide column"
    >
      <div
        class="ui large vertical menu"
        style="width: 100%; margin-top: 25px;"
      >
        <div
          class="ui teal attached header"
        >
          <i
            aria-hidden="true"
            class="filter icon"
          />
          <div
            class="content"
          >
            Filters
          </div>
        </div>
        <div
          class="item"
        >
          All Activities
        </div>
        <div
          class="item"
        >
          I'm going
        </div>
        <div
          class="item"
        >
          I'm hosting
        </div>
      </div>
      <div
        class="ui header"
      />
      <div>
        Mocked Calendar
      </div>
    </div>
  </div>
</DocumentFragment>
`;
