// Jest Snapshot v1, https://goo.gl/fbAQLP

exports[`ActivityListItem matches snapshot 1`] = `
<DocumentFragment>
  <div
    class="ui segments"
  >
    <div
      class="ui segment"
    >
      <div
        class="ui items"
      >
        <div
          class="item"
        >
          <div
            class="ui tiny circular image"
          >
            <img
              src="/assets/user.png"
            />
          </div>
          <div
            class="content"
          >
            <a
              class="header"
              href="/activities/1"
            >
              Static Activity
            </a>
            <div
              class="description"
            >
              Hosted by Bob
            </div>
          </div>
        </div>
      </div>
    </div>
    <div
      class="ui segment"
    >
      <span>
        <i
          aria-hidden="true"
          class="clock icon"
        />
         2024-07-28
        <i
          aria-hidden="true"
          class="marker icon"
        />
         Static Venue
      </span>
    </div>
    <div
      class="ui secondary segment"
    >
      Attendees will go here
    </div>
    <div
      class="ui clearing segment"
    >
      <span>
        This is a static activity description.
      </span>
      <a
        class="ui teal right floated button"
        href="/activities/1"
        role="button"
      >
        View
      </a>
      <button
        class="ui red right floated button"
        name="1"
      >
        Delete
      </button>
    </div>
  </div>
</DocumentFragment>
`;
