// Jest Snapshot v1, https://goo.gl/fbAQLP

exports[`ActivityForm matches snapshot 1`] = `
<DocumentFragment>
  <div
    class="ui clearing segment"
  >
    <form
      autocomplete="off"
      class="ui form"
    >
      <div
        class="field"
      >
        <div
          class="ui input"
        >
          <input
            name="title"
            placeholder="Title"
            type="text"
            value="Static Title"
          />
        </div>
      </div>
      <div
        class="field"
      >
        <textarea
          name="description"
          placeholder="Description"
          rows="3"
        >
          This is a static description for testing.
        </textarea>
      </div>
      <div
        class="field"
      >
        <div
          class="ui input"
        >
          <input
            name="category"
            placeholder="Category"
            type="text"
            value="static-category"
          />
        </div>
      </div>
      <div
        class="field"
      >
        <div
          class="ui input"
        >
          <input
            name="date"
            placeholder="Date"
            type="date"
            value="2024-06-12T00:00:00.000Z"
          />
        </div>
      </div>
      <div
        class="field"
      >
        <div
          class="ui input"
        >
          <input
            name="city"
            placeholder="City"
            type="text"
            value="Static City"
          />
        </div>
      </div>
      <div
        class="field"
      >
        <div
          class="ui input"
        >
          <input
            name="venue"
            placeholder="Venue"
            type="text"
            value="Static Venue"
          />
        </div>
      </div>
      <button
        class="ui positive right floated button"
        type="submit"
      >
        Submit
      </button>
      <button
        class="ui right floated button"
        type="button"
      >
        Cancel
      </button>
    </form>
  </div>
</DocumentFragment>
`;
