// Jest Snapshot v1, https://goo.gl/fbAQLP

exports[`ActivityForm matches snapshot 1`] = `
<DocumentFragment>
  <div
    class="ui clearing segment"
  >
    <form
      class="ui form"
    >
      <div
        class="field"
      >
        <div
          class="ui input"
        >
          <input
            placeholder="Title"
            type="text"
          />
        </div>
      </div>
      <div
        class="field"
      >
        <textarea
          placeholder="Description"
          rows="3"
        />
      </div>
      <div
        class="field"
      >
        <div
          class="ui input"
        >
          <input
            placeholder="Category"
            type="text"
          />
        </div>
      </div>
      <div
        class="field"
      >
        <div
          class="ui input"
        >
          <input
            placeholder="Date"
            type="text"
          />
        </div>
      </div>
      <div
        class="field"
      >
        <div
          class="ui input"
        >
          <input
            placeholder="City"
            type="text"
          />
        </div>
      </div>
      <div
        class="field"
      >
        <div
          class="ui input"
        >
          <input
            placeholder="Venue"
            type="text"
          />
        </div>
      </div>
      <button
        class="ui positive right floated button"
        type="submit"
      >
        Submit
      </button>
      <button
        class="ui right floated button"
        type="button"
      >
        Cancel
      </button>
    </form>
  </div>
</DocumentFragment>
`;
