// Jest Snapshot v1, https://goo.gl/fbAQLP

exports[`ActivityDetailedSidebar matches snapshot 1`] = `
<DocumentFragment>
  <div
    class="ui teal inverted secondary top attached center aligned segment"
  >
    3 People Going
  </div>
  <div
    class="ui attached segment"
  >
    <div
      class="ui divided relaxed list"
      role="list"
    >
      <div
        class="item"
        style="position: relative;"
      >
        <div
          class="ui orange right ribbon label"
          style="position: absolute;"
        >
          Host
        </div>
        <img
          class="ui tiny image"
          src="/assets/user.png"
        />
        <div
          class="middle aligned content"
        >
          <h3
            class="header"
          >
            <a
              href="/"
            >
              Bob
            </a>
          </h3>
          <div
            class="extra"
            style="color: orange;"
          >
            Following
          </div>
        </div>
      </div>
      <div
        class="item"
        style="position: relative;"
      >
        <img
          class="ui tiny image"
          src="/assets/user.png"
        />
        <div
          class="middle aligned content"
        >
          <h3
            class="header"
          >
            <a
              href="/"
            >
              Tom
            </a>
          </h3>
          <div
            class="extra"
            style="color: orange;"
          >
            Following
          </div>
        </div>
      </div>
      <div
        class="item"
        style="position: relative;"
      >
        <img
          class="ui tiny image"
          src="/assets/user.png"
        />
        <div
          class="middle aligned content"
        >
          <h3
            class="header"
          >
            <a
              href="/"
            >
              Sally
            </a>
          </h3>
        </div>
      </div>
    </div>
  </div>
</DocumentFragment>
`;
