// Jest Snapshot v1, https://goo.gl/fbAQLP

exports[`ActivityDetailedHeader matches snapshot 1`] = `
<DocumentFragment>
  <div
    class="ui segments"
  >
    <div
      class="ui basic top attached segment"
      style="padding: 0px;"
    >
      <img
        class="ui fluid image"
        src="/assets/categoryImages/static-category.jpg"
        style="filter: brightness(30%);"
      />
      <div
        class="ui basic segment"
        style="position: absolute; bottom: 5%; left: 5%; width: 100%; height: auto; color: white;"
      >
        <div
          class="ui items"
        >
          <div
            class="item"
          >
            <div
              class="content"
            >
              <div
                class="ui huge header"
                style="color: white;"
              >
                Static Title
              </div>
              <p>
                2024-06-12T00:00:00.000Z
              </p>
              <p>
                Hosted by 
                <strong>
                  Bob
                </strong>
              </p>
            </div>
          </div>
        </div>
      </div>
    </div>
    <div
      class="ui clearing bottom attached segment"
    >
      <button
        class="ui teal button"
      >
        Join Activity
      </button>
      <button
        class="ui button"
      >
        Cancel attendance
      </button>
      <a
        class="ui orange right floated button"
        href="/manage1"
        role="button"
      >
        Manage Event
      </a>
    </div>
  </div>
  ,
</DocumentFragment>
`;
